// Jest Snapshot v1, https://goo.gl/fbAQLP

exports[`EditListingActivityForm matches snapshot 1`] = `
<form
  action="/"
  className=""
  method="post"
  onSubmit={[Function]}
>
  <div
    className=""
  >
    <label
      htmlFor="title"
    >
      EditListingActivityForm.title
    </label>
    <input
      autoFocus={true}
      className=""
      id="title"
      maxLength={60}
      name="title"
      onBlur={[Function]}
      onChange={[Function]}
      onFocus={[Function]}
      placeholder="EditListingActivityForm.titlePlaceholder"
      type="text"
      value=""
    />
  </div>
  <div
    className=""
  >
    <label
      htmlFor="description"
    >
      EditListingActivityForm.description
    </label>
    <textarea
      className="undefined"
      id="description"
      maxLength={5000}
      name="description"
      onBlur={[Function]}
      onChange={[Function]}
      onFocus={[Function]}
      placeholder="EditListingActivityForm.descriptionPlaceholder"
      rows={1}
      value=""
    />
  </div>
  <div
    className=""
  >
    <label
      htmlFor="category"
    >
      EditListingActivityForm.categoryLabel
    </label>
    <select
      className=""
      id="category"
      name="category"
      onBlur={[Function]}
      onChange={[Function]}
      onFocus={[Function]}
      value=""
    >
      <option
        disabled={true}
        value=""
      >
        EditListingActivityForm.categoryPlaceholder
      </option>
      <option
        key="cat1"
        value="cat1"
      >
        Cat 1
      </option>
      <option
        key="cat2"
        value="cat2"
      >
        Cat 2
      </option>
    </select>
  </div>
  <button
    className=""
    disabled={true}
    type="submit"
  >
    Save description
  </button>
</form>
`;
